// Jest Snapshot v1, https://goo.gl/fbAQLP

exports[`The registration page is properly formed 1`] = `<div />`;
